---
source: crates/format/tests/tests.rs
expression: doc.pretty(40)
---
(defun f (x:object{schema} y:[integer])
  (+ x (write y 1.0))
  [
    "Write"
    (write y 1.0)
    "definitely" ; hmm
    "succeeded"
  ]
)
