---
source: crates/formatter/tests/tests.rs
expression: "format_source(content, 40)"
---
[1 2 3]
[1 2 3]
[1 2 3]
[
  1 ;hm
  ;hm
  2
]
