---
source: crates/formatter/tests/tests.rs
expression: "format_source(content, 40)"
---

