---
source: src/pretty.rs
expression: buffer
---
(defcap GOV:bool () true)
