---
source: src/pretty.rs
expression: buffer
---
(defun print:[string] 
  ; wot
  (
    x:integer
    y
  )
  
  "doc comment"
  [
    (to-string x)
    
    "got"
    "it"
  ]

)
