---
source: src/pretty.rs
expression: buffer
---
(defun f
  ( x:object{schema}
    y:[integer]
  )
  
  (+
    x
    (write y1.0))
  
  "Write succeeded")
