---
source: src/pretty.rs
expression: buffer
---
(defun square (x) (+ x x))
